// Jest Snapshot v1, https://goo.gl/fbAQLP

exports[`pruebas en AppRouter debe de mostrar el componente <LoginPage /> 1`] = `
<div>
  <div
    class="container login-container mx-auto "
  >
    <div
      class="grid grid-cols-12 gap-4 mx-auto"
    >
      <div
        class="col-span-6 login-form-1"
      >
        <h3>
          Ingreso
        </h3>
        <form>
          <div
            class="mb-2"
          >
            <input
              class="border-2 border-gray-300 rounded-md w-full p-2"
              name="loginEmail"
              placeholder="Correo"
              type="text"
              value=""
            />
          </div>
          <div
            class="mb-2"
          >
            <input
              class="border-2 border-gray-300 rounded-md w-full p-2"
              name="loginPassword"
              placeholder="Contraseña"
              type="password"
              value=""
            />
          </div>
          <div
            class="mb-2 flex items-center justify-center"
          >
            <input
              class="btnSubmit"
              type="submit"
              value="Login"
            />
          </div>
        </form>
      </div>
      <div
        class="col-span-6 login-form-2"
      >
        <h3>
          Registro
        </h3>
        <form>
          <div
            class="mb-2"
          >
            <input
              class="border-2 border-gray-300 rounded-md w-full p-2"
              name="registerName"
              placeholder="Nombre"
              type="text"
              value=""
            />
          </div>
          <div
            class="mb-2"
          >
            <input
              class="border-2 border-gray-300 rounded-md w-full p-2"
              name="registerEmail"
              placeholder="Correo"
              type="email"
              value=""
            />
          </div>
          <div
            class="mb-2"
          >
            <input
              class="border-2 border-gray-300 rounded-md w-full p-2"
              name="registerPassword"
              placeholder="Contraseña"
              type="password"
              value=""
            />
          </div>
          <div
            class="mb-2"
          >
            <input
              class="border-2 border-gray-300 rounded-md w-full p-2"
              name="registerConfirmPassword"
              placeholder="Repita la contraseña"
              type="password"
              value=""
            />
          </div>
          <div
            class="mb-2 flex items-center justify-center"
          >
            <input
              class="btnSubmit"
              type="submit"
              value="Crear cuenta"
            />
          </div>
        </form>
      </div>
    </div>
  </div>
</div>
`;
